// Jest Snapshot v1, https://goo.gl/fbAQLP

exports[`NextShipContainer Snapshot 1`] = `
<ContextProvider
  value={
    Object {
      "store": Object {
        "clearActions": [Function],
        "dispatch": [Function],
        "getActions": [Function],
        "getState": [Function],
        "replaceReducer": [Function],
        "subscribe": [Function],
      },
      "storeState": Object {
        "availableShips": Array [
          2,
          3,
          3,
          3,
          4,
        ],
        "editableBoard": Array [
          Array [
            "empty",
            "empty",
            "empty",
            "empty",
            "empty",
            "empty",
            "empty",
            "empty",
            "empty",
            "empty",
          ],
          Array [
            "empty",
            "empty",
            "empty",
            "empty",
            "empty",
            "empty",
            "empty",
            "empty",
            "empty",
            "empty",
          ],
          Array [
            "empty",
            "empty",
            "empty",
            "empty",
            "empty",
            "empty",
            "empty",
            "empty",
            "empty",
            "empty",
          ],
          Array [
            "empty",
            "empty",
            "empty",
            "empty",
            "empty",
            "empty",
            "empty",
            "empty",
            "empty",
            "empty",
          ],
          Array [
            "empty",
            "empty",
            "empty",
            "empty",
            "empty",
            "empty",
            "empty",
            "empty",
            "empty",
            "empty",
          ],
          Array [
            "empty",
            "empty",
            "empty",
            "empty",
            "empty",
            "empty",
            "empty",
            "empty",
            "empty",
            "empty",
          ],
          Array [
            "empty",
            "empty",
            "empty",
            "empty",
            "empty",
            "empty",
            "empty",
            "empty",
            "empty",
            "empty",
          ],
          Array [
            "empty",
            "empty",
            "empty",
            "empty",
            "empty",
            "empty",
            "empty",
            "empty",
            "empty",
            "empty",
          ],
          Array [
            "empty",
            "empty",
            "empty",
            "empty",
            "empty",
            "empty",
            "empty",
            "empty",
            "empty",
            "empty",
          ],
          Array [
            "empty",
            "empty",
            "empty",
            "empty",
            "empty",
            "empty",
            "empty",
            "empty",
            "empty",
            "empty",
          ],
        ],
        "next": null,
        "oponentBoard": Array [
          Array [
            "empty",
            "empty",
            "empty",
            "empty",
            "empty",
            "empty",
            "empty",
            "empty",
            "empty",
            "empty",
          ],
          Array [
            "empty",
            "empty",
            "empty",
            "empty",
            "empty",
            "empty",
            "empty",
            "empty",
            "empty",
            "empty",
          ],
          Array [
            "empty",
            "empty",
            "empty",
            "empty",
            "empty",
            "empty",
            "empty",
            "empty",
            "empty",
            "empty",
          ],
          Array [
            "empty",
            "empty",
            "empty",
            "empty",
            "empty",
            "empty",
            "empty",
            "empty",
            "empty",
            "empty",
          ],
          Array [
            "empty",
            "empty",
            "empty",
            "empty",
            "empty",
            "empty",
            "empty",
            "empty",
            "empty",
            "empty",
          ],
          Array [
            "empty",
            "empty",
            "empty",
            "empty",
            "empty",
            "empty",
            "empty",
            "empty",
            "empty",
            "empty",
          ],
          Array [
            "empty",
            "empty",
            "empty",
            "empty",
            "empty",
            "empty",
            "empty",
            "empty",
            "empty",
            "empty",
          ],
          Array [
            "empty",
            "empty",
            "empty",
            "empty",
            "empty",
            "empty",
            "empty",
            "empty",
            "empty",
            "empty",
          ],
          Array [
            "empty",
            "empty",
            "empty",
            "empty",
            "empty",
            "empty",
            "empty",
            "empty",
            "empty",
            "empty",
          ],
          Array [
            "empty",
            "empty",
            "empty",
            "empty",
            "empty",
            "empty",
            "empty",
            "empty",
            "empty",
            "empty",
          ],
        ],
        "oponentBoardLast": null,
        "player": "Player",
        "playerBoard": Array [
          Array [
            "empty",
            "empty",
            "empty",
            "empty",
            "empty",
            "empty",
            "empty",
            "empty",
            "empty",
            "empty",
          ],
          Array [
            "empty",
            "empty",
            "empty",
            "empty",
            "empty",
            "empty",
            "empty",
            "empty",
            "empty",
            "empty",
          ],
          Array [
            "empty",
            "empty",
            "empty",
            "empty",
            "empty",
            "empty",
            "empty",
            "empty",
            "empty",
            "empty",
          ],
          Array [
            "empty",
            "empty",
            "empty",
            "empty",
            "empty",
            "empty",
            "empty",
            "empty",
            "empty",
            "empty",
          ],
          Array [
            "empty",
            "empty",
            "empty",
            "empty",
            "empty",
            "empty",
            "empty",
            "empty",
            "empty",
            "empty",
          ],
          Array [
            "empty",
            "empty",
            "empty",
            "empty",
            "empty",
            "empty",
            "empty",
            "empty",
            "empty",
            "empty",
          ],
          Array [
            "empty",
            "empty",
            "empty",
            "empty",
            "empty",
            "empty",
            "empty",
            "empty",
            "empty",
            "empty",
          ],
          Array [
            "empty",
            "empty",
            "empty",
            "empty",
            "empty",
            "empty",
            "empty",
            "empty",
            "empty",
            "empty",
          ],
          Array [
            "empty",
            "empty",
            "empty",
            "empty",
            "empty",
            "empty",
            "empty",
            "empty",
            "empty",
            "empty",
          ],
          Array [
            "empty",
            "empty",
            "empty",
            "empty",
            "empty",
            "empty",
            "empty",
            "empty",
            "empty",
            "empty",
          ],
        ],
        "playerBoardLast": null,
        "state": "playing",
        "surrendered": false,
        "winner": null,
      },
    }
  }
>
  <Connect(NextShip) />
</ContextProvider>
`;
