// Jest Snapshot v1, https://goo.gl/fbAQLP

exports[`Home Snapshot 1`] = `
<Redirect
  push={false}
  to="/game"
/>
`;
